2025-06-23 17:01:42.314   297-3144  ClipboardService        system_server                        E  Denying clipboard access to org.autojs.autojs6, application is not in focus nor is it a system service for user 0
2025-06-23 17:01:42.320   297-462   ClipboardService        system_server                        E  Denying clipboard access to org.autojs.autojs6, application is not in focus nor is it a system service for user 0
2025-06-23 17:01:42.569   297-3144  ClipboardService        system_server                        E  Denying clipboard access to org.autojs.autojs6, application is not in focus nor is it a system service for user 0
2025-06-23 17:01:43.415  1532-1532  ActivityInfoProvider    org.autojs.autojs6                   D  setLatestComponent: com.android.settings/com.android.settings.SubSettings com.android.settings/com.android.settings.SubSettings
2025-06-23 17:01:44.188  2002-2092  MemInfoService          com.android.expansiontools           D  memScan: [MemEntity(id=null, pid=35830, user=u0_a104, name=Clash for Android, pkg=com.github.kr328.clash, res=139, time=2, total=6066, ts=1750669303948, pr=20, ni=0, virt=1228, shr=84, s=S, cpu=0.0, mem=4.2, args=com.github.kr328.clash), MemEntity(id=null, pid=63204, user=u0_a104, name=Clash for Android, pkg=com.github.kr328.clash, res=123, time=92, total=6066, ts=1750669303948, pr=20, ni=0, virt=1126, shr=38, s=S, cpu=0.0, mem=3.7, args=com.github.kr328.clash:core), MemEntity(id=null, pid=63228, user=u0_a104, name=Clash for Android, pkg=com.github.kr328.clash, res=25, time=259, total=6066, ts=1750669303948, pr=20, ni=0, virt=704, shr=10, s=S, cpu=0.0, mem=0.7, args=libclash.so), MemEntity(id=null, pid=51143, user=u0_a234, name=Script helper, pkg=com.example.studyapp, res=209, time=9, total=6066, ts=1750669303948, pr=20, ni=0, virt=14336, shr=111, s=S, cpu=36.0, mem=6.3, args=com.example.studyapp), MemEntity(id=null, pid=1532, user=u0_a100, name=AutoJs6, pkg=org.autojs.autojs6, res=307, time=374, total=6066, ts=1750669303948, pr=20, ni=0, virt=33792, shr=179, s=S, cpu=0.0, mem=9.3, args=org.autojs.autojs6), MemEntity(id=null, pid=56880, user=u0_a100, name=AutoJs6, pkg=org.autojs.autojs6, res=0, time=0, total=6066, ts=1750669303948, pr=20, ni=0, virt=10240, shr=0, s=S, cpu=0.0, mem=0.0, args=sh)]
2025-06-23 17:01:45.397  1532-1532  ActivityInfoProvider    org.autojs.autojs6                   D  setLatestComponent: com.android.settings/androidx.appcompat.app.AlertDialog com.android.settings/androidx.appcompat.app.AlertDialog
2025-06-23 17:01:47.565  1532-1532  ActivityInfoProvider    org.autojs.autojs6                   D  setLatestComponent: com.android.settings/androidx.appcompat.app.AlertDialog com.android.settings/androidx.appcompat.app.AlertDialog
2025-06-23 17:01:51.409  1532-1532  ActivityInfoProvider    org.autojs.autojs6                   D  setLatestComponent: com.android.settings/com.android.settings.SubSettings com.android.settings/com.android.settings.SubSettings
2025-06-23 17:01:54.631  1532-1532  ActivityInfoProvider    org.autojs.autojs6                   D  setLatestComponent: com.android.settings/com.android.settings.Settings$AccessibilitySettingsActivity com.android.settings/com.android.settings.Settings$AccessibilitySettingsActivity
2025-06-23 17:01:54.661  1532-1532  ActivityInfoProvider    org.autojs.autojs6                   D  setLatestComponent: com.android.settings/com.android.settings.Settings$AccessibilitySettingsActivity com.android.settings/com.android.settings.Settings$AccessibilitySettingsActivity
2025-06-23 17:01:54.733  2002-2092  MemInfoService          com.android.expansiontools           D  memScan: [MemEntity(id=null, pid=35830, user=u0_a104, name=Clash for Android, pkg=com.github.kr328.clash, res=139, time=2, total=6066, ts=1750669314510, pr=20, ni=0, virt=1228, shr=84, s=S, cpu=0.0, mem=4.2, args=com.github.kr328.clash), MemEntity(id=null, pid=63204, user=u0_a104, name=Clash for Android, pkg=com.github.kr328.clash, res=123, time=92, total=6066, ts=1750669314510, pr=20, ni=0, virt=1126, shr=38, s=S, cpu=0.0, mem=3.7, args=com.github.kr328.clash:core), MemEntity(id=null, pid=63228, user=u0_a104, name=Clash for Android, pkg=com.github.kr328.clash, res=25, time=259, total=6066, ts=1750669314510, pr=20, ni=0, virt=704, shr=10, s=S, cpu=0.0, mem=0.7, args=libclash.so), MemEntity(id=null, pid=51143, user=u0_a234, name=Script helper, pkg=com.example.studyapp, res=203, time=13, total=6066, ts=1750669314510, pr=20, ni=0, virt=14336, shr=111, s=S, cpu=3.8, mem=6.1, args=com.example.studyapp), MemEntity(id=null, pid=1532, user=u0_a100, name=AutoJs6, pkg=org.autojs.autojs6, res=307, time=374, total=6066, ts=1750669314510, pr=20, ni=0, virt=33792, shr=179, s=S, cpu=0.0, mem=9.3, args=org.autojs.autojs6), MemEntity(id=null, pid=56880, user=u0_a100, name=AutoJs6, pkg=org.autojs.autojs6, res=0, time=0, total=6066, ts=1750669314510, pr=20, ni=0, virt=10240, shr=0, s=S, cpu=0.0, mem=0.0, args=sh)]
2025-06-23 17:01:56.366  1532-1532  ActivityInfoProvider    org.autojs.autojs6                   D  setLatestComponent: com.android.settings/com.android.settings.Settings$AppManageExternalStorageActivity com.android.settings/com.android.settings.Settings$AppManageExternalStorageActivity
2025-06-23 17:01:56.413  1532-1532  ActivityInfoProvider    org.autojs.autojs6                   D  setLatestComponent: com.android.settings/com.android.settings.Settings$AppManageExternalStorageActivity com.android.settings/com.android.settings.Settings$AppManageExternalStorageActivity
2025-06-23 17:01:59.870  1532-1532  NotificationObserver    org.autojs.autojs6                   D  onNotification: [Storage Permissions granted]; EventType: TYPE_NOTIFICATION_STATE_CHANGED; EventTime: 870589469; PackageName: com.example.studyapp; MovementGranularity: 0; Action: 0; ContentChangeTypes: []; WindowChangeTypes: [] [ ClassName: android.widget.Toast; Text: [Storage Permissions granted]; ContentDescription: null; ItemCount: -1; CurrentItemIndex: -1; Enabled: false; Password: false; Checked: false; FullScreen: false; Scrollable: false; BeforeText: null; FromIndex: -1; ToIndex: -1; ScrollX: 0; ScrollY: 0; MaxScrollX: 0; MaxScrollY: 0; ScrollDeltaX: -1; ScrollDeltaY: -1; AddedCount: -1; RemovedCount: -1; ParcelableData: null ]; recordCount: 0
2025-06-23 17:01:59.924  1532-1532  ActivityInfoProvider    org.autojs.autojs6                   D  setLatestComponent: com.example.studyapp/com.example.studyapp.MainActivity com.example.studyapp/com.example.studyapp.MainActivity
2025-06-23 17:02:05.235  2002-2092  MemInfoService          com.android.expansiontools           D  memScan: [MemEntity(id=null, pid=35830, user=u0_a104, name=Clash for Android, pkg=com.github.kr328.clash, res=139, time=2, total=6058, ts=1750669325040, pr=20, ni=0, virt=1228, shr=84, s=S, cpu=0.0, mem=4.2, args=com.github.kr328.clash), MemEntity(id=null, pid=63204, user=u0_a104, name=Clash for Android, pkg=com.github.kr328.clash, res=123, time=92, total=6058, ts=1750669325040, pr=20, ni=0, virt=1126, shr=38, s=S, cpu=0.0, mem=3.7, args=com.github.kr328.clash:core), MemEntity(id=null, pid=63228, user=u0_a104, name=Clash for Android, pkg=com.github.kr328.clash, res=25, time=259, total=6058, ts=1750669325040, pr=20, ni=0, virt=704, shr=10, s=S, cpu=0.0, mem=0.7, args=libclash.so), MemEntity(id=null, pid=51143, user=u0_a234, name=Script helper, pkg=com.example.studyapp, res=206, time=19, total=6058, ts=1750669325040, pr=10, ni=-10, virt=14336, shr=114, s=S, cpu=104.0, mem=6.2, args=com.example.studyapp), MemEntity(id=null, pid=1532, user=u0_a100, name=AutoJs6, pkg=org.autojs.autojs6, res=308, time=374, total=6058, ts=1750669325040, pr=20, ni=0, virt=33792, shr=179, s=S, cpu=0.0, mem=9.3, args=org.autojs.autojs6), MemEntity(id=null, pid=56880, user=u0_a100, name=AutoJs6, pkg=org.autojs.autojs6, res=0, time=0, total=6058, ts=1750669325040, pr=20, ni=0, virt=10240, shr=0, s=S, cpu=0.0, mem=0.0, args=sh)]
2025-06-23 17:02:08.114   297-16062 ClipboardService        system_server                        E  Denying clipboard access to org.autojs.autojs6, application is not in focus nor is it a system service for user 0
2025-06-23 17:02:08.119   297-462   ClipboardService        system_server                        E  Denying clipboard access to org.autojs.autojs6, application is not in focus nor is it a system service for user 0
2025-06-23 17:02:08.365   297-11816 ClipboardService        system_server                        E  Denying clipboard access to org.autojs.autojs6, application is not in focus nor is it a system service for user 0
2025-06-23 17:02:09.928  1532-1532  NotificationObserver    org.autojs.autojs6                   D  onNotification: [任务正在执行]; EventType: TYPE_NOTIFICATION_STATE_CHANGED; EventTime: 870599525; PackageName: com.example.studyapp; MovementGranularity: 0; Action: 0; ContentChangeTypes: []; WindowChangeTypes: [] [ ClassName: android.widget.Toast; Text: [任务正在执行]; ContentDescription: null; ItemCount: -1; CurrentItemIndex: -1; Enabled: false; Password: false; Checked: false; FullScreen: false; Scrollable: false; BeforeText: null; FromIndex: -1; ToIndex: -1; ScrollX: 0; ScrollY: 0; MaxScrollX: 0; MaxScrollY: 0; ScrollDeltaX: -1; ScrollDeltaY: -1; AddedCount: -1; RemovedCount: -1; ParcelableData: null ]; recordCount: 0
2025-06-23 17:02:12.071 51143-51376 isAppInstalled          com.example.studyapp                 D  Checking if app is installed: org.autojs.autojs6
2025-06-23 17:02:12.075 51143-51376 ShellUtils              com.example.studyapp                 D  execRootCmdAndGetResult - Started execution for command: pm list packages | grep org.autojs.autojs6
2025-06-23 17:02:12.120 51143-51376 ShellUtils              com.example.studyapp                 D  Shell Output: package:org.autojs.autojs6
2025-06-23 17:02:12.223 51143-51376 isAppInstalled          com.example.studyapp                 D  App is installed: org.autojs.autojs6
2025-06-23 17:02:12.225   297-3145  ActivityTaskManager     system_server                        I  START u0 {flg=0x10000000 cmp=org.autojs.autojs6/org.autojs.autojs.external.open.RunIntentActivity (has extras)} from uid 10234
2025-06-23 17:02:12.240  1532-1532  App                     org.autojs.autojs6                   D  setCurrentActivity: org.autojs.autojs.external.open.RunIntentActivity@aad3ba2
2025-06-23 17:02:12.243  1532-1532  ScriptEngineService     org.autojs.autojs6                   D  JavaScriptSource: true
2025-06-23 17:02:12.246   611-2827  TelephonyPermissions    com.android.phone                    W  reportAccessDeniedToReadIdentifiers:org.autojs.autojs6:getImeiForSlot:1
2025-06-23 17:02:12.249   297-6814  TelephonyPermissions    system_server                        W  reportAccessDeniedToReadIdentifiers:org.autojs.autojs6:getSerial:-1
2025-06-23 17:02:12.250  1532-51468 AndroidContextFactory   org.autojs.autojs6                   D  onContextCreated: count = 1
2025-06-23 17:02:12.250  1532-51468 ContextFactory          org.autojs.autojs6                   D  onContextCreated: count = 1
2025-06-23 17:02:12.294  1532-51468 ScriptEngineService     org.autojs.autojs6                   D  onStart
2025-06-23 17:02:12.299  1532-51468 GlobalConsole           org.autojs.autojs6                   D  09:02:12.299/V: Running [$sdcard/script/main.js].
2025-06-23 17:02:12.307  1532-1532  ActivityInfoProvider    org.autojs.autojs6                   D  setLatestComponent: com.example.studyapp/com.example.studyapp.MainActivity com.example.studyapp/com.example.studyapp.MainActivity
2025-06-23 17:02:12.307  1532-51469 AndroidContextFactory   org.autojs.autojs6                   D  onContextCreated: count = 2
2025-06-23 17:02:12.308  1532-51470 AndroidContextFactory   org.autojs.autojs6                   D  onContextCreated: count = 3
2025-06-23 17:02:12.308  1532-51470 ContextFactory          org.autojs.autojs6                   D  onContextCreated: count = 3
2025-06-23 17:02:12.308  1532-51469 ContextFactory          org.autojs.autojs6                   D  onContextCreated: count = 2
2025-06-23 17:02:12.309  1532-51471 AndroidContextFactory   org.autojs.autojs6                   D  onContextCreated: count = 4
2025-06-23 17:02:12.309  1532-51471 ContextFactory          org.autojs.autojs6                   D  onContextCreated: count = 4
2025-06-23 17:02:12.313  1532-51469 App                     org.autojs.autojs6                   D  getCurrentActivity: org.autojs.autojs.external.open.RunIntentActivity@aad3ba2
2025-06-23 17:02:12.313   297-6814  ActivityTaskManager     system_server                        I  START u0 {flg=0x10000000 cmp=org.autojs.autojs6/org.autojs.autojs.core.activity.StartForResultActivity (has extras)} from uid 10100
2025-06-23 17:02:12.314   297-6814  ActivityTaskManager     system_server                        I  Launching r: ActivityRecord{a98f3cd u0 org.autojs.autojs6/org.autojs.autojs.core.activity.StartForResultActivity} from background: ActivityRecord{91ff715 u0 org.autojs.autojs6/org.autojs.autojs.external.open.RunIntentActivity} t9913 f}}. New task: true
2025-06-23 17:02:12.326  1532-1532  App                     org.autojs.autojs6                   D  setCurrentActivity: org.autojs.autojs.core.activity.StartForResultActivity@2e7ffe4
2025-06-23 17:02:12.336  1532-1532  App                     org.autojs.autojs6                   D  setCurrentActivity: org.autojs.autojs.core.activity.StartForResultActivity@2e7ffe4
2025-06-23 17:02:12.337  1532-55975 Parcel                  org.autojs.autojs6                   W  Expecting binder but got null!
2025-06-23 17:02:12.339   297-11816 CoreBackPreview         system_server                        D  Window{e9771a6 u0 org.autojs.autojs6/org.autojs.autojs.core.activity.StartForResultActivity}: Setting back callback OnBackInvokedCallbackInfo{mCallback=android.window.IOnBackInvokedCallback$Stub$Proxy@1638f94, mPriority=0}
2025-06-23 17:02:12.340  1532-1532  App                     org.autojs.autojs6                   D  setCurrentActivity: null
2025-06-23 17:02:12.343  1532-51478 TrafficStats            org.autojs.autojs6                   D  tagSocket(245) with statsTag=0x4d2, statsUid=-1
2025-06-23 17:02:12.343  1532-51478 TrafficStats            org.autojs.autojs6                   I  tagSocketFd(245, 1234, -1) failed with errno-9
2025-06-23 17:02:12.348  1532-55975 OpenGLRenderer          org.autojs.autojs6                   E  Unable to match the desired swap behavior.
2025-06-23 17:02:12.421  1532-1532  ActivityInfoProvider    org.autojs.autojs6                   D  setLatestComponent: com.android.systemui/android.app.AlertDialog com.android.systemui/android.app.AlertDialog
2025-06-23 17:02:12.851  1532-1532  ActivityInfoProvider    org.autojs.autojs6                   D  setLatestComponent: org.autojs.autojs6/org.autojs.autojs.core.activity.StartForResultActivity org.autojs.autojs6/org.autojs.autojs.core.activity.StartForResultActivity
2025-06-23 17:02:12.871  1532-1532  ActivityInfoProvider    org.autojs.autojs6                   D  setLatestComponent: com.android.systemui/com.android.systemui.media.MediaProjectionPermissionActivity com.android.systemui/com.android.systemui.media.MediaProjectionPermissionActivity
2025-06-23 17:02:13.310  1532-51470 GlobalConsole           org.autojs.autojs6                   D  09:02:13.310/D: 计时线程: 0/600秒
2025-06-23 17:02:13.321  1532-1532  NotificationObserver    org.autojs.autojs6                   D  onNotification: [计时线程: 0/600秒, AutoJs6]; EventType: TYPE_NOTIFICATION_STATE_CHANGED; EventTime: 870602921; PackageName: org.autojs.autojs6; MovementGranularity: 0; Action: 0; ContentChangeTypes: []; WindowChangeTypes: [] [ ClassName: android.widget.Toast; Text: [计时线程: 0/600秒, AutoJs6]; ContentDescription: null; ItemCount: -1; CurrentItemIndex: -1; Enabled: false; Password: false; Checked: false; FullScreen: false; Scrollable: false; BeforeText: null; FromIndex: -1; ToIndex: -1; ScrollX: 0; ScrollY: 0; MaxScrollX: 0; MaxScrollY: 0; ScrollDeltaX: -1; ScrollDeltaY: -1; AddedCount: -1; RemovedCount: -1; ParcelableData: null ]; recordCount: 0
2025-06-23 17:02:13.827  1532-51471 GlobalConsole           org.autojs.autojs6                   D  09:02:13.827/D: 点击START NOW
2025-06-23 17:02:13.828  1532-51471 GlobalActionAutomator   org.autojs.autojs6                   D  Path moved to (889.0, 1173.0)
2025-06-23 17:02:13.829  1532-51471 GlobalActionAutomator   org.autojs.autojs6                   D  dispatchGesture: true
2025-06-23 17:02:14.058   297-3144  DisplayDeviceRepository system_server                        I  Display device added: DisplayDeviceInfo{"ScreenCapturer": uniqueId="virtual:org.autojs.autojs6,10100,ScreenCapturer,0", 1080 x 1920, modeId 14, defaultModeId 14, supportedModes [{id=14, width=1080, height=1920, fps=60.0, alternativeRefreshRates=[]}], colorMode 0, supportedColorModes [0], hdrCapabilities null, allmSupported false, gameContentTypeSupported false, density 320, 320.0 x 320.0 dpi, appVsyncOff 0, presDeadline 16666666, touch NONE, rotation 0, type VIRTUAL, deviceProductInfo null, state ON, committedState UNKNOWN, owner org.autojs.autojs6 (uid 10100), frameRateOverride , brightnessMinimum 0.0, brightnessMaximum 0.0, brightnessDefault 0.0, FLAG_PRIVATE, FLAG_PRESENTATION, installOrientation 0}
2025-06-23 17:02:14.062   297-3144  LogicalDisplayMapper    system_server                        I  Adding new display: 14: DisplayInfo{"ScreenCapturer", displayId 14", displayGroupId -1, FLAG_PRIVATE, FLAG_PRESENTATION, real 1080 x 1920, largest app 1080 x 1920, smallest app 1080 x 1920, appVsyncOff 0, presDeadline 16666666, mode 14, defaultMode 14, modes [{id=14, width=1080, height=1920, fps=60.0, alternativeRefreshRates=[]}], hdrCapabilities null, userDisabledHdrTypes [], minimalPostProcessingSupported false, rotation 0, state ON, committedState UNKNOWN, type VIRTUAL, uniqueId "virtual:org.autojs.autojs6,10100,ScreenCapturer,0", app 1080 x 1920, density 320 (320.0 x 320.0) dpi, layerStack 14, colorMode 0, supportedColorModes [0], deviceProductInfo null, owner org.autojs.autojs6 (uid 10100), removeMode 1, refreshRateOverride 0.0, brightnessMinimum 0.0, brightnessMaximum 0.0, brightnessDefault 0.0, installOrientation ROTATION_0}
2025-06-23 17:02:14.070   297-313   DisplayManagerService   system_server                        W  Display DisplayDeviceInfo{"ScreenCapturer": uniqueId="virtual:org.autojs.autojs6,10100,ScreenCapturer,0", 1080 x 1920, modeId 14, defaultModeId 14, supportedModes [{id=14, width=1080, height=1920, fps=60.0, alternativeRefreshRates=[]}], colorMode 0, supportedColorModes [0], hdrCapabilities null, allmSupported false, gameContentTypeSupported false, density 320, 320.0 x 320.0 dpi, appVsyncOff 0, presDeadline 16666666, touch NONE, rotation 0, type VIRTUAL, deviceProductInfo null, state ON, committedState UNKNOWN, owner org.autojs.autojs6 (uid 10100), frameRateOverride , brightnessMinimum 0.0, brightnessMaximum 0.0, brightnessDefault 0.0, FLAG_PRIVATE, FLAG_PRESENTATION, installOrientation 0} does not support input device matching.
2025-06-23 17:02:14.071   297-313   DisplayManagerService   system_server                        W  Display DisplayDeviceInfo{"ScreenCapturer": uniqueId="virtual:org.autojs.autojs6,10100,ScreenCapturer,0", 1080 x 1920, modeId 14, defaultModeId 14, supportedModes [{id=14, width=1080, height=1920, fps=60.0, alternativeRefreshRates=[]}], colorMode 0, supportedColorModes [0], hdrCapabilities null, allmSupported false, gameContentTypeSupported false, density 320, 320.0 x 320.0 dpi, appVsyncOff 0, presDeadline 16666666, touch NONE, rotation 0, type VIRTUAL, deviceProductInfo null, state ON, committedState UNKNOWN, owner org.autojs.autojs6 (uid 10100), frameRateOverride , brightnessMinimum 0.0, brightnessMaximum 0.0, brightnessDefault 0.0, FLAG_PRIVATE, FLAG_PRESENTATION, installOrientation 0} does not support input device matching.
2025-06-23 17:02:14.072   297-313   DisplayDevice           system_server                        I  [14] Layerstack set to 14 for virtual:org.autojs.autojs6,10100,ScreenCapturer,0
2025-06-23 17:02:14.073   297-313   DisplayManagerService   system_server                        W  Display DisplayDeviceInfo{"ScreenCapturer": uniqueId="virtual:org.autojs.autojs6,10100,ScreenCapturer,0", 1080 x 1920, modeId 14, defaultModeId 14, supportedModes [{id=14, width=1080, height=1920, fps=60.0, alternativeRefreshRates=[]}], colorMode 0, supportedColorModes [0], hdrCapabilities null, allmSupported false, gameContentTypeSupported false, density 320, 320.0 x 320.0 dpi, appVsyncOff 0, presDeadline 16666666, touch NONE, rotation 0, type VIRTUAL, deviceProductInfo null, state ON, committedState UNKNOWN, owner org.autojs.autojs6 (uid 10100), frameRateOverride , brightnessMinimum 0.0, brightnessMaximum 0.0, brightnessDefault 0.0, FLAG_PRIVATE, FLAG_PRESENTATION, installOrientation 0} does not support input device matching.
2025-06-23 17:02:14.075  1532-1532  AndroidContextFactory   org.autojs.autojs6                   D  onContextCreated: count = 5
2025-06-23 17:02:14.075  1532-1532  ContextFactory          org.autojs.autojs6                   D  onContextCreated: count = 5
2025-06-23 17:02:14.076  1532-1532  AndroidContextFactory   org.autojs.autojs6                   D  onContextReleased: count = 4
2025-06-23 17:02:14.076  1532-1532  ContextFactory          org.autojs.autojs6                   D  onContextReleased: count = 4
2025-06-23 17:02:14.078   297-316   DisplayManagerService   system_server                        W  Display DisplayDeviceInfo{"ScreenCapturer": uniqueId="virtual:org.autojs.autojs6,10100,ScreenCapturer,0", 1080 x 1920, modeId 14, defaultModeId 14, supportedModes [{id=14, width=1080, height=1920, fps=60.0, alternativeRefreshRates=[]}], colorMode 0, supportedColorModes [0], hdrCapabilities null, allmSupported false, gameContentTypeSupported false, density 320, 320.0 x 320.0 dpi, appVsyncOff 0, presDeadline 16666666, touch NONE, rotation 0, type VIRTUAL, deviceProductInfo null, state ON, committedState UNKNOWN, owner org.autojs.autojs6 (uid 10100), frameRateOverride , brightnessMinimum 0.0, brightnessMaximum 0.0, brightnessDefault 0.0, FLAG_PRIVATE, FLAG_PRESENTATION, installOrientation 0} does not support input device matching.
2025-06-23 17:02:14.079   297-334   DisplayPow...roller[14] system_server                        I  BrightnessEvent: disp=14, physDisp=virtual:org.autojs.autojs6,10100,ScreenCapturer,0, brt=0.035433073, initBrt=NaN, rcmdBrt=NaN, preBrt=NaN, lux=0.0, preLux=0.0, hbmMax=1.0, hbmMode=off, rbcStrength=-1, powerFactor=1.0, thrmMax=1.0, wasShortTermModelActive=false, flags=, reason=manual, autoBrightness=false
2025-06-23 17:02:14.079   297-334   DisplayPow...roller[14] system_server                        I  BrightnessEvent: disp=14, physDisp=virtual:org.autojs.autojs6,10100,ScreenCapturer,0, brt=0.035433073, initBrt=0.035433073, rcmdBrt=NaN, preBrt=NaN, lux=0.0, preLux=0.0, hbmMax=1.0, hbmMode=off, rbcStrength=-1, powerFactor=1.0, thrmMax=1.0, wasShortTermModelActive=false, flags=, reason=manual, autoBrightness=false
2025-06-23 17:02:14.079   297-334   DisplayPow...roller[14] system_server                        I  BrightnessEvent: disp=14, physDisp=virtual:org.autojs.autojs6,10100,ScreenCapturer,0, brt=0.035433073, initBrt=0.035433073, rcmdBrt=NaN, preBrt=NaN, lux=0.0, preLux=0.0, hbmMax=1.0, hbmMode=off, rbcStrength=-1, powerFactor=1.0, thrmMax=1.0, wasShortTermModelActive=false, flags=, reason=manual, autoBrightness=false
2025-06-23 17:02:14.079   297-334   DisplayPow...roller[14] system_server                        I  BrightnessEvent: disp=14, physDisp=virtual:org.autojs.autojs6,10100,ScreenCapturer,0, brt=0.035433073, initBrt=0.035433073, rcmdBrt=NaN, preBrt=NaN, lux=0.0, preLux=0.0, hbmMax=1.0, hbmMode=off, rbcStrength=-1, powerFactor=1.0, thrmMax=1.0, wasShortTermModelActive=false, flags=, reason=manual, autoBrightness=false
2025-06-23 17:02:14.079   297-334   DisplayPow...roller[14] system_server                        I  BrightnessEvent: disp=14, physDisp=virtual:org.autojs.autojs6,10100,ScreenCapturer,0, brt=0.035433073, initBrt=0.035433073, rcmdBrt=NaN, preBrt=NaN, lux=0.0, preLux=0.0, hbmMax=1.0, hbmMode=off, rbcStrength=-1, powerFactor=1.0, thrmMax=1.0, wasShortTermModelActive=false, flags=, reason=manual, autoBrightness=false
2025-06-23 17:02:14.080   297-3144  ActivityTaskManager     system_server                        W  Duplicate finish request for r=ActivityRecord{a98f3cd u0 org.autojs.autojs6/org.autojs.autojs.core.activity.StartForResultActivity} t9914 f}}
2025-06-23 17:02:14.081  1532-1532  AndroidContextFactory   org.autojs.autojs6                   D  onContextCreated: count = 5
2025-06-23 17:02:14.081  1532-1532  ContextFactory          org.autojs.autojs6                   D  onContextCreated: count = 5
2025-06-23 17:02:14.081  1532-1532  AndroidContextFactory   org.autojs.autojs6                   D  onContextReleased: count = 4
2025-06-23 17:02:14.081  1532-1532  ContextFactory          org.autojs.autojs6                   D  onContextReleased: count = 4
2025-06-23 17:02:14.082  1532-1532  AndroidContextFactory   org.autojs.autojs6                   D  onContextCreated: count = 5
2025-06-23 17:02:14.082  1532-1532  ContextFactory          org.autojs.autojs6                   D  onContextCreated: count = 5
2025-06-23 17:02:14.082  1532-1532  AndroidContextFactory   org.autojs.autojs6                   D  onContextReleased: count = 4
2025-06-23 17:02:14.082  1532-1532  ContextFactory          org.autojs.autojs6                   D  onContextReleased: count = 4
2025-06-23 17:02:14.083  1532-51469 GlobalConsole           org.autojs.autojs6                   D  09:02:14.082/D: 首次 Threds errorFailed to invoke method app.viewFile. Cannot view /sdcard/script/launcher-release.apk as it doesn't exist (/storage/emulated/0/script/main.js#647)
2025-06-23 17:02:14.083  1532-51469 GlobalConsole           org.autojs.autojs6                   D  09:02:14.083/D: 首次 脚本线程 脚本catch结束
2025-06-23 17:02:14.084  1532-51470 System.err              org.autojs.autojs6                   W  org.mozilla.javascript.WrappedException: Wrapped org.autojs.autojs.runtime.exception.ScriptInterruptedException (/storage/emulated/0/script/main.js#105)
2025-06-23 17:02:14.084  1532-51470 System.err              org.autojs.autojs6                   W  	at org.autojs.autojs.runtime.api.augment.Augmentable.augmentFunctionsBy$lambda$24$lambda$23(Augmentable.kt:432)
2025-06-23 17:02:14.084  1532-51470 System.err              org.autojs.autojs6                   W  	at org.autojs.autojs.runtime.api.augment.Augmentable.$r8$lambda$Fn1T-F1qaCuaZ27e1ntAmyEtA5M(Unknown Source:0)
2025-06-23 17:02:14.084  1532-51470 System.err              org.autojs.autojs6                   W  	at org.autojs.autojs.runtime.api.augment.Augmentable$$ExternalSyntheticLambda3.invoke(D8$$SyntheticClass:0)
2025-06-23 17:02:14.084  1532-51470 System.err              org.autojs.autojs6                   W  	at org.autojs.autojs.util.RhinoUtils$InternalBaseFunction.callFunc$app_appRelease(RhinoUtils.kt:877)
2025-06-23 17:02:14.084  1532-51470 System.err              org.autojs.autojs6                   W  	at org.autojs.autojs.util.RhinoUtils$newBaseFunction$5.call(RhinoUtils.kt:237)
2025-06-23 17:02:14.084  1532-51470 System.err              org.autojs.autojs6                   W  	at org.mozilla.javascript.Interpreter.doCallByteCode(Interpreter.java:3019)
2025-06-23 17:02:14.085  1532-51470 System.err              org.autojs.autojs6                   W  	at org.mozilla.javascript.Interpreter.interpretLoop(Interpreter.java:1973)
2025-06-23 17:02:14.085  1532-51470 System.err              org.autojs.autojs6                   W  	at script(/storage/emulated/0/script/main.js:105)
2025-06-23 17:02:14.085  1532-51470 System.err              org.autojs.autojs6                   W  	at org.mozilla.javascript.Interpreter.interpret(Interpreter.java:1161)
2025-06-23 17:02:14.085  1532-51470 System.err              org.autojs.autojs6                   W  	at org.mozilla.javascript.InterpretedFunction.call(InterpretedFunction.java:87)
2025-06-23 17:02:14.085  1532-51470 System.err              org.autojs.autojs6                   W  	at org.mozilla.javascript.ContextFactory.doTopCall(ContextFactory.java:347)
2025-06-23 17:02:14.085  1532-51470 System.err              org.autojs.autojs6                   W  	at org.mozilla.javascript.ScriptRuntime.doTopCall(ScriptRuntime.java:4450)
2025-06-23 17:02:14.085  1532-51470 System.err              org.autojs.autojs6                   W  	at org.autojs.autojs.util.RhinoUtils.callFunction$lambda$7(RhinoUtils.kt:169)
2025-06-23 17:02:14.085  1532-51470 System.err              org.autojs.autojs6                   W  	at org.autojs.autojs.util.RhinoUtils.$r8$lambda$f8ShGIQnCN3BfY5ui2ZDzafysTo(Unknown Source:0)
2025-06-23 17:02:14.085  1532-51470 System.err              org.autojs.autojs6                   W  	at org.autojs.autojs.util.RhinoUtils$$ExternalSyntheticLambda3.invoke(D8$$SyntheticClass:0)
2025-06-23 17:02:14.085  1532-51470 System.err              org.autojs.autojs6                   W  	at org.autojs.autojs.util.RhinoUtils.withRhinoContext(RhinoUtils.kt:754)
2025-06-23 17:02:14.085  1532-51470 System.err              org.autojs.autojs6                   W  	at org.autojs.autojs.util.RhinoUtils.callFunction(RhinoUtils.kt:164)
2025-06-23 17:02:14.085  1532-51470 System.err              org.autojs.autojs6                   W  	at org.autojs.autojs.util.RhinoUtils.callFunction(RhinoUtils.kt:153)
2025-06-23 17:02:14.085  1532-51470 System.err              org.autojs.autojs6                   W  	at org.autojs.autojs.util.RhinoUtils.callFunction(RhinoUtils.kt:141)
2025-06-23 17:02:14.085  1532-51470 System.err              org.autojs.autojs6                   W  	at org.autojs.autojs.util.RhinoUtils.coerceRunnable$lambda$26(RhinoUtils.kt:435)
2025-06-23 17:02:14.085  1532-51470 System.err              org.autojs.autojs6                   W  	at org.autojs.autojs.util.RhinoUtils.$r8$lambda$spHwZG5wVYypfhMmC-EzLoJxvzU(Unknown Source:0)
2025-06-23 17:02:14.085  1532-51470 System.err              org.autojs.autojs6                   W  	at org.autojs.autojs.util.RhinoUtils$$ExternalSyntheticLambda1.run(D8$$SyntheticClass:0)
2025-06-23 17:02:14.085  1532-51470 System.err              org.autojs.autojs6                   W  	at android.os.Handler.handleCallback(Handler.java:942)
2025-06-23 17:02:14.085  1532-51470 System.err              org.autojs.autojs6                   W  	at android.os.Handler.dispatchMessage(Handler.java:99)
2025-06-23 17:02:14.085  1532-51470 System.err              org.autojs.autojs6                   W  	at android.os.Looper.loopOnce(Looper.java:201)
2025-06-23 17:02:14.085  1532-51470 System.err              org.autojs.autojs6                   W  	at android.os.Looper.loop(Looper.java:288)
2025-06-23 17:02:14.085  1532-51470 System.err              org.autojs.autojs6                   W  	at org.autojs.autojs.core.looper.TimerThread.run(TimerThread.kt:56)
2025-06-23 17:02:14.085  1532-51470 System.err              org.autojs.autojs6                   W  Caused by: org.autojs.autojs.runtime.exception.ScriptInterruptedException
2025-06-23 17:02:14.085  1532-51470 System.err              org.autojs.autojs6                   W  	at org.autojs.autojs.runtime.ScriptRuntime.sleep(ScriptRuntime.kt:507)
2025-06-23 17:02:14.085  1532-51470 System.err              org.autojs.autojs6                   W  	at org.autojs.autojs.runtime.api.augment.global.Global$Companion.sleep$lambda$20(Global.kt:244)
2025-06-23 17:02:14.085  1532-51470 System.err              org.autojs.autojs6                   W  	at org.autojs.autojs.runtime.api.augment.global.Global$Companion.$r8$lambda$OWAsxQgJG0C1vfHeAuhT_906-VY(Unknown Source:0)
2025-06-23 17:02:14.085  1532-51470 System.err              org.autojs.autojs6                   W  	at org.autojs.autojs.runtime.api.augment.global.Global$Companion$$ExternalSyntheticLambda19.invoke(D8$$SyntheticClass:0)
2025-06-23 17:02:14.085  1532-51470 System.err              org.autojs.autojs6                   W  	at org.autojs.autojs.extension.FlexibleArray$Companion.unwrapAndInvokeAll(FlexibleArray.kt:76)
2025-06-23 17:02:14.085  1532-51470 System.err              org.autojs.autojs6                   W  	at org.autojs.autojs.extension.FlexibleArray$Companion.ensureArgumentsLengthInRange(FlexibleArray.kt:56)
2025-06-23 17:02:14.085  1532-51470 System.err              org.autojs.autojs6                   W  	at org.autojs.autojs.runtime.api.augment.global.Global$Companion.sleep(Global.kt:224)
2025-06-23 17:02:14.085  1532-51470 System.err              org.autojs.autojs6                   W  	at org.autojs.autojs.runtime.api.augment.global.Global.sleep(Unknown Source:2)
2025-06-23 17:02:14.085  1532-51470 System.err              org.autojs.autojs6                   W  	at java.lang.reflect.Method.invoke(Native Method)
2025-06-23 17:02:14.085  1532-51470 System.err              org.autojs.autojs6                   W  	at org.autojs.autojs.runtime.api.augment.Augmentable.augmentFunctionsBy$lambda$24$lambda$23(Augmentable.kt:415)
2025-06-23 17:02:14.085  1532-51470 System.err              org.autojs.autojs6                   W  	... 25 more
2025-06-23 17:02:14.085  1532-51470 Loopers                 org.autojs.autojs6                   D  notifyThreadExit: Thread[ScriptThread-8[/storage/emulated/0/script/main.js] (Spawn-1),5]
2025-06-23 17:02:14.085  1532-51470 AndroidContextFactory   org.autojs.autojs6                   D  onContextReleased: count = 3
2025-06-23 17:02:14.085  1532-51470 ContextFactory          org.autojs.autojs6                   D  onContextReleased: count = 3
2025-06-23 17:02:14.085  1532-51469 Loopers                 org.autojs.autojs6                   D  notifyThreadExit: Thread[ScriptThread-8[/storage/emulated/0/script/main.js] (Spawn-0),5]
2025-06-23 17:02:14.085  1532-51469 AndroidContextFactory   org.autojs.autojs6                   D  onContextReleased: count = 2
2025-06-23 17:02:14.085  1532-51469 ContextFactory          org.autojs.autojs6                   D  onContextReleased: count = 2
2025-06-23 17:02:14.086  1532-51471 System.err              org.autojs.autojs6                   W  org.mozilla.javascript.WrappedException: Wrapped org.autojs.autojs.runtime.exception.ScriptInterruptedException (/storage/emulated/0/script/main.js#160)
2025-06-23 17:02:14.086  1532-51471 System.err              org.autojs.autojs6                   W  	at org.autojs.autojs.runtime.api.augment.Augmentable.augmentFunctionsBy$lambda$24$lambda$23(Augmentable.kt:432)
2025-06-23 17:02:14.086  1532-51471 System.err              org.autojs.autojs6                   W  	at org.autojs.autojs.runtime.api.augment.Augmentable.$r8$lambda$Fn1T-F1qaCuaZ27e1ntAmyEtA5M(Unknown Source:0)
2025-06-23 17:02:14.086  1532-51471 System.err              org.autojs.autojs6                   W  	at org.autojs.autojs.runtime.api.augment.Augmentable$$ExternalSyntheticLambda3.invoke(D8$$SyntheticClass:0)
2025-06-23 17:02:14.086  1532-51471 System.err              org.autojs.autojs6                   W  	at org.autojs.autojs.util.RhinoUtils$InternalBaseFunction.callFunc$app_appRelease(RhinoUtils.kt:877)
2025-06-23 17:02:14.086  1532-51471 System.err              org.autojs.autojs6                   W  	at org.autojs.autojs.util.RhinoUtils$newBaseFunction$5.call(RhinoUtils.kt:237)
2025-06-23 17:02:14.086  1532-51471 System.err              org.autojs.autojs6                   W  	at org.mozilla.javascript.Interpreter.doCallByteCode(Interpreter.java:3019)
2025-06-23 17:02:14.086  1532-51471 System.err              org.autojs.autojs6                   W  	at org.mozilla.javascript.Interpreter.interpretLoop(Interpreter.java:1973)
2025-06-23 17:02:14.086  1532-51471 System.err              org.autojs.autojs6                   W  	at script(/storage/emulated/0/script/main.js:160)
2025-06-23 17:02:14.086  1532-51471 System.err              org.autojs.autojs6                   W  	at org.mozilla.javascript.Interpreter.interpret(Interpreter.java:1161)
2025-06-23 17:02:14.086  1532-51471 System.err              org.autojs.autojs6                   W  	at org.mozilla.javascript.InterpretedFunction.call(InterpretedFunction.java:87)
2025-06-23 17:02:14.086  1532-51471 System.err              org.autojs.autojs6                   W  	at org.mozilla.javascript.ContextFactory.doTopCall(ContextFactory.java:347)
2025-06-23 17:02:14.086  1532-51471 System.err              org.autojs.autojs6                   W  	at org.mozilla.javascript.ScriptRuntime.doTopCall(ScriptRuntime.java:4450)
2025-06-23 17:02:14.086  1532-51471 System.err              org.autojs.autojs6                   W  	at org.autojs.autojs.util.RhinoUtils.callFunction$lambda$7(RhinoUtils.kt:169)
2025-06-23 17:02:14.086  1532-51471 System.err              org.autojs.autojs6                   W  	at org.autojs.autojs.util.RhinoUtils.$r8$lambda$f8ShGIQnCN3BfY5ui2ZDzafysTo(Unknown Source:0)
2025-06-23 17:02:14.086  1532-51471 System.err              org.autojs.autojs6                   W  	at org.autojs.autojs.util.RhinoUtils$$ExternalSyntheticLambda3.invoke(D8$$SyntheticClass:0)
2025-06-23 17:02:14.086  1532-51471 System.err              org.autojs.autojs6                   W  	at org.autojs.autojs.util.RhinoUtils.withRhinoContext(RhinoUtils.kt:754)
2025-06-23 17:02:14.086  1532-51471 System.err              org.autojs.autojs6                   W  	at org.autojs.autojs.util.RhinoUtils.callFunction(RhinoUtils.kt:164)
2025-06-23 17:02:14.086  1532-51471 System.err              org.autojs.autojs6                   W  	at org.autojs.autojs.util.RhinoUtils.callFunction(RhinoUtils.kt:153)
2025-06-23 17:02:14.086  1532-51471 System.err              org.autojs.autojs6                   W  	at org.autojs.autojs.util.RhinoUtils.callFunction(RhinoUtils.kt:141)
2025-06-23 17:02:14.086  1532-51471 System.err              org.autojs.autojs6                   W  	at org.autojs.autojs.util.RhinoUtils.coerceRunnable$lambda$26(RhinoUtils.kt:435)
2025-06-23 17:02:14.086  1532-51471 System.err              org.autojs.autojs6                   W  	at org.autojs.autojs.util.RhinoUtils.$r8$lambda$spHwZG5wVYypfhMmC-EzLoJxvzU(Unknown Source:0)
2025-06-23 17:02:14.086  1532-51471 System.err              org.autojs.autojs6                   W  	at org.autojs.autojs.util.RhinoUtils$$ExternalSyntheticLambda1.run(D8$$SyntheticClass:0)
2025-06-23 17:02:14.086  1532-51471 System.err              org.autojs.autojs6                   W  	at android.os.Handler.handleCallback(Handler.java:942)
2025-06-23 17:02:14.086  1532-51471 System.err              org.autojs.autojs6                   W  	at android.os.Handler.dispatchMessage(Handler.java:99)
2025-06-23 17:02:14.086  1532-51471 System.err              org.autojs.autojs6                   W  	at android.os.Looper.loopOnce(Looper.java:201)
2025-06-23 17:02:14.086  1532-51471 System.err              org.autojs.autojs6                   W  	at android.os.Looper.loop(Looper.java:288)
2025-06-23 17:02:14.086  1532-51471 System.err              org.autojs.autojs6                   W  	at org.autojs.autojs.core.looper.TimerThread.run(TimerThread.kt:56)
2025-06-23 17:02:14.086  1532-51471 System.err              org.autojs.autojs6                   W  Caused by: org.autojs.autojs.runtime.exception.ScriptInterruptedException
2025-06-23 17:02:14.086  1532-51471 System.err              org.autojs.autojs6                   W  	at org.autojs.autojs.runtime.ScriptRuntime.sleep(ScriptRuntime.kt:507)
2025-06-23 17:02:14.086  1532-51471 System.err              org.autojs.autojs6                   W  	at org.autojs.autojs.runtime.api.augment.global.Global$Companion.sleep$lambda$20(Global.kt:244)
2025-06-23 17:02:14.086  1532-51471 System.err              org.autojs.autojs6                   W  	at org.autojs.autojs.runtime.api.augment.global.Global$Companion.$r8$lambda$OWAsxQgJG0C1vfHeAuhT_906-VY(Unknown Source:0)
2025-06-23 17:02:14.086  1532-51471 System.err              org.autojs.autojs6                   W  	at org.autojs.autojs.runtime.api.augment.global.Global$Companion$$ExternalSyntheticLambda19.invoke(D8$$SyntheticClass:0)
2025-06-23 17:02:14.086  1532-51471 System.err              org.autojs.autojs6                   W  	at org.autojs.autojs.extension.FlexibleArray$Companion.unwrapAndInvokeAll(FlexibleArray.kt:76)
2025-06-23 17:02:14.086  1532-51471 System.err              org.autojs.autojs6                   W  	at org.autojs.autojs.extension.FlexibleArray$Companion.ensureArgumentsLengthInRange(FlexibleArray.kt:56)
2025-06-23 17:02:14.086  1532-51471 System.err              org.autojs.autojs6                   W  	at org.autojs.autojs.runtime.api.augment.global.Global$Companion.sleep(Global.kt:224)
2025-06-23 17:02:14.086  1532-51471 System.err              org.autojs.autojs6                   W  	at org.autojs.autojs.runtime.api.augment.global.Global.sleep(Unknown Source:2)
2025-06-23 17:02:14.086  1532-51471 System.err              org.autojs.autojs6                   W  	at java.lang.reflect.Method.invoke(Native Method)
2025-06-23 17:02:14.086  1532-51471 System.err              org.autojs.autojs6                   W  	at org.autojs.autojs.runtime.api.augment.Augmentable.augmentFunctionsBy$lambda$24$lambda$23(Augmentable.kt:415)
2025-06-23 17:02:14.086  1532-51471 System.err              org.autojs.autojs6                   W  	... 25 more
2025-06-23 17:02:14.086  1532-51471 Loopers                 org.autojs.autojs6                   D  notifyThreadExit: Thread[ScriptThread-8[/storage/emulated/0/script/main.js] (Spawn-2),5]
2025-06-23 17:02:14.086  1532-51471 AndroidContextFactory   org.autojs.autojs6                   D  onContextReleased: count = 1
2025-06-23 17:02:14.086  1532-51471 ContextFactory          org.autojs.autojs6                   D  onContextReleased: count = 1
2025-06-23 17:02:14.087  1532-51468 GlobalConsole           org.autojs.autojs6                   D  09:02:14.087/V: [$sdcard/script/main.js] finished in 1.787 seconds.
2025-06-23 17:02:14.087  1532-51468 RunnableJSExecution     org.autojs.autojs6                   D  Engine destroy
2025-06-23 17:02:14.087  1532-51468 ScriptRuntime           org.autojs.autojs6                   D  on exit
2025-06-23 17:02:14.087  1532-51468 Loopers                 org.autojs.autojs6                   D  recycle
2025-06-23 17:02:14.089   297-3143  DisplayDeviceRepository system_server                        I  Display device removed: DisplayDeviceInfo{"ScreenCapturer": uniqueId="virtual:org.autojs.autojs6,10100,ScreenCapturer,0", 1080 x 1920, modeId 14, defaultModeId 14, supportedModes [{id=14, width=1080, height=1920, fps=60.0, alternativeRefreshRates=[]}], colorMode 0, supportedColorModes [0], hdrCapabilities null, allmSupported false, gameContentTypeSupported false, density 320, 320.0 x 320.0 dpi, appVsyncOff 0, presDeadline 16666666, touch NONE, rotation 0, type VIRTUAL, deviceProductInfo null, state ON, committedState UNKNOWN, owner org.autojs.autojs6 (uid 10100), frameRateOverride , brightnessMinimum 0.0, brightnessMaximum 0.0, brightnessDefault 0.0, FLAG_PRIVATE, FLAG_PRESENTATION, installOrientation 0}
2025-06-23 17:02:14.093  1532-51468 RhinoJavaScriptEngine   org.autojs.autojs6                   D  on destroy
2025-06-23 17:02:14.093  1532-51468 AndroidContextFactory   org.autojs.autojs6                   D  onContextReleased: count = 0
2025-06-23 17:02:14.093  1532-51468 ContextFactory          org.autojs.autojs6                   D  onContextReleased: count = 0
2025-06-23 17:02:14.093  1532-5003  BufferQueueProducer     org.autojs.autojs6                   E  [ImageReader-1080x1920f1m3-1532-8](id:5fc00000021,api:1,p:52,c:1532) dequeueBuffer: BufferQueue has been abandoned
2025-06-23 17:02:14.099  1532-1532  ActivityInfoProvider    org.autojs.autojs6                   D  setLatestComponent: com.example.studyapp/com.example.studyapp.MainActivity com.example.studyapp/com.example.studyapp.MainActivity
2025-06-23 17:02:14.102  1532-5003  BpBinder                org.autojs.autojs6                   I  onLastStrongRef automatically unlinking death recipients: <uncached descriptor>
2025-06-23 17:02:14.103   297-6815  CoreBackPreview         system_server                        D  Window{e9771a6 u0 org.autojs.autojs6/org.autojs.autojs.core.activity.StartForResultActivity}: Setting back callback null
2025-06-23 17:02:14.104   297-6815  InputManager-JNI        system_server                        W  Input channel object 'e9771a6 org.autojs.autojs6/org.autojs.autojs.core.activity.StartForResultActivity (client)' was disposed without first being removed with the input manager!
2025-06-23 17:02:14.251   297-297   NotificationService     system_server                        I  Cannot find enqueued record for key: 0|org.autojs.autojs6|207|null|10100
2025-06-23 17:02:15.923   297-3145  NotificationService     system_server                        W  Toast already killed. pkg=org.autojs.autojs6 token=android.os.BinderProxy@fb6cbea
2025-06-23 17:02:15.934  1532-1532  NotificationObserver    org.autojs.autojs6                   D  onNotification: [首次 Threds errorFailed to invoke method app.viewFile. Cannot view /sdcard/script/launcher-release.apk as it doesn't exist (/storage/emulated/0/script/main.js#647), AutoJs6]; EventType: TYPE_NOTIFICATION_STATE_CHANGED; EventTime: 870605533; PackageName: org.autojs.autojs6; MovementGranularity: 0; Action: 0; ContentChangeTypes: []; WindowChangeTypes: [] [ ClassName: android.widget.Toast; Text: [首次 Threds errorFailed to invoke method app.viewFile. Cannot view /sdcard/script/launcher-release.apk as it doesn't exist (/storage/emulated/0/script/main.js#647), AutoJs6]; ContentDescription: null; ItemCount: -1; CurrentItemIndex: -1; Enabled: false; Password: false; Checked: false; FullScreen: false; Scrollable: false; BeforeText: null; FromIndex: -1; ToIndex: -1; ScrollX: 0; ScrollY: 0; MaxScrollX: 0; MaxScrollY: 0; ScrollDeltaX: -1; ScrollDeltaY: -1; AddedCount: -1; RemovedCount: -1; ParcelableData: null ]; recordCount: 0
2025-06-23 17:02:16.164  2002-2092  MemInfoService          com.android.expansiontools           D  memScan: [MemEntity(id=null, pid=35830, user=u0_a104, name=Clash for Android, pkg=com.github.kr328.clash, res=139, time=2, total=5956, ts=1750669335563, pr=20, ni=0, virt=1228, shr=84, s=S, cpu=0.0, mem=4.2, args=com.github.kr328.clash), MemEntity(id=null, pid=63204, user=u0_a104, name=Clash for Android, pkg=com.github.kr328.clash, res=123, time=92, total=5956, ts=1750669335563, pr=20, ni=0, virt=1126, shr=38, s=S, cpu=0.0, mem=3.7, args=com.github.kr328.clash:core), MemEntity(id=null, pid=63228, user=u0_a104, name=Clash for Android, pkg=com.github.kr328.clash, res=25, time=259, total=5956, ts=1750669335563, pr=20, ni=0, virt=704, shr=10, s=S, cpu=0.0, mem=0.7, args=libclash.so), MemEntity(id=null, pid=51143, user=u0_a234, name=Script helper, pkg=com.example.studyapp, res=212, time=22, total=5956, ts=1750669335563, pr=10, ni=-10, virt=14336, shr=115, s=S, cpu=0.0, mem=6.4, args=com.example.studyapp), MemEntity(id=null, pid=1532, user=u0_a100, name=AutoJs6, pkg=org.autojs.autojs6, res=314, time=374, total=5956, ts=1750669335563, pr=20, ni=0, virt=33792, shr=179, s=S, cpu=0.0, mem=9.5, args=org.autojs.autojs6), MemEntity(id=null, pid=56880, user=u0_a100, name=AutoJs6, pkg=org.autojs.autojs6, res=0, time=0, total=5956, ts=1750669335563, pr=20, ni=0, virt=10240, shr=0, s=S, cpu=0.0, mem=0.0, args=sh)]
2025-06-23 17:02:18.505   297-3143  NotificationService     system_server                        W  Toast already killed. pkg=org.autojs.autojs6 token=android.os.BinderProxy@c258390
2025-06-23 17:02:18.517  1532-1532  NotificationObserver    org.autojs.autojs6                   D  onNotification: [首次 脚本线程 脚本catch结束, AutoJs6]; EventType: TYPE_NOTIFICATION_STATE_CHANGED; EventTime: 870608116; PackageName: org.autojs.autojs6; MovementGranularity: 0; Action: 0; ContentChangeTypes: []; WindowChangeTypes: [] [ ClassName: android.widget.Toast; Text: [首次 脚本线程 脚本catch结束, AutoJs6]; ContentDescription: null; ItemCount: -1; CurrentItemIndex: -1; Enabled: false; Password: false; Checked: false; FullScreen: false; Scrollable: false; BeforeText: null; FromIndex: -1; ToIndex: -1; ScrollX: 0; ScrollY: 0; MaxScrollX: 0; MaxScrollY: 0; ScrollDeltaX: -1; ScrollDeltaY: -1; AddedCount: -1; RemovedCount: -1; ParcelableData: null ]; recordCount: 0
2025-06-23 17:02:21.098   297-3143  NotificationService     system_server                        W  Toast already killed. pkg=org.autojs.autojs6 token=android.os.BinderProxy@afcbf66
2025-06-23 17:02:23.095  1532-51478 TrafficStats            org.autojs.autojs6                   D  tagSocket(92) with statsTag=0x4d2, statsUid=-1
2025-06-23 17:02:23.095  1532-51478 TrafficStats            org.autojs.autojs6                   I  tagSocketFd(92, 1234, -1) failed with errno-9
2025-06-23 17:02:24.589  1532-51478 TrafficStats            org.autojs.autojs6                   D  tagSocket(92) with statsTag=0x4d2, statsUid=-1
2025-06-23 17:02:24.589  1532-51478 TrafficStats            org.autojs.autojs6                   I  tagSocketFd(92, 1234, -1) failed with errno-9
